2026-08-27 19:38:51:3851 [31merror[39m: [31m400: Invalid credentials[39m
2026-08-31 17:51:17:5117 [31merror[39m: [31mEmail already in use[39m
2026-08-31 17:51:20:5120 [31merror[39m: [31mEmail already in use[39m
2026-08-31 17:51:30:5130 [31merror[39m: [31mEmail already in use[39m
2026-08-31 17:52:25:5225 [31merror[39m: [31mInvalid credentials[39m
2026-08-31 17:57:20:5720 [31merror[39m: [31mEmail already in use[39m
2026-08-31 17:57:32:5732 [31merror[39m: [31mInvalid credentials[39m
2026-08-31 20:01:33:133 [31merror[39m: [31mInvalid credentials[39m
2026-08-31 20:01:42:142 [31merror[39m: [31mEmail already in use[39m
2026-09-01 00:10:11:1011 [31merror[39m: [31mCannot read properties of undefined (reading 'userId')[39m
2026-09-01 00:11:07:117 [31merror[39m: [31mCannot read properties of undefined (reading 'userId')[39m
2026-09-01 00:28:41:2841 [31merror[39m: [31mcolumn "userid" does not exist[39m
2026-09-01 00:29:18:2918 [31merror[39m: [31mcolumn "userid" does not exist[39m
2026-09-01 00:30:03:303 [31merror[39m: [31mcolumn "userid" does not exist[39m
2026-09-01 00:30:44:3044 [31merror[39m: [31mcolumn "userid" does not exist[39m
2026-09-01 00:31:28:3128 [31merror[39m: [31mcolumn "userid" does not exist[39m
2026-09-01 00:31:37:3137 [31merror[39m: [31mcolumn "userid" does not exist[39m
2026-09-01 00:31:55:3155 [31merror[39m: [31mcolumn "userid" does not exist[39m
2026-09-01 00:31:58:3158 [31merror[39m: [31mcolumn "userid" does not exist[39m
2026-09-01 00:32:06:326 [31merror[39m: [31mcolumn "userid" does not exist[39m
2026-09-01 00:32:25:3225 [31merror[39m: [31mCannot read properties of undefined (reading 'id')[39m
2026-09-01 00:32:25:3225 [31merror[39m: [31mCannot read properties of undefined (reading 'id')[39m
2026-09-01 00:32:26:3226 [31merror[39m: [31mCannot read properties of undefined (reading 'id')[39m
2026-09-01 10:41:04:414 [31merror[39m: [31minvalid token[39m
2026-09-01 10:41:04:414 [31merror[39m: [31mInvalid token[39m
2026-09-01 11:13:03:133 [31merror[39m: [31mBook already existed[39m
2026-09-01 11:14:06:146 [31merror[39m: [31mBook already existed[39m
2026-09-01 13:42:13:4213 [31merror[39m: [31mjwt malformed[39m
2026-09-01 13:42:13:4213 [31merror[39m: [31mInvalid token[39m
2026-09-01 13:42:51:4251 [31merror[39m: [31mjwt expired[39m
2026-09-01 13:42:51:4251 [31merror[39m: [31mInvalid token[39m
2026-09-01 14:10:05:105 [31merror[39m: [31mjwt malformed[39m
2026-09-01 14:10:05:105 [31merror[39m: [31mInvalid token[39m
2026-09-01 14:10:18:1018 [31merror[39m: [31mjwt malformed[39m
2026-09-01 14:10:18:1018 [31merror[39m: [31mInvalid token[39m
2026-09-01 14:33:25:3325 [31merror[39m: [31minvalid input syntax for type boolean: "done"[39m
2026-09-01 14:34:13:3413 [31merror[39m: [31minvalid input syntax for type boolean: "done"[39m
2026-09-01 14:34:45:3445 [31merror[39m: [31minvalid input syntax for type boolean: "done"[39m
2026-09-01 21:14:25:1425 [31merror[39m: [31mnew row violates row-level security policy[39m
2026-09-02 15:41:09:419 [31merror[39m: [31mBook already existed[39m
2026-09-02 20:48:08:488 [31merror[39m: [31mjwt expired[39m
2026-09-02 20:48:08:488 [31merror[39m: [31mInvalid token[39m
2026-09-03 10:38:19:3819 [31merror[39m: [31mInvalid credentials[39m
2026-09-03 10:38:19:3819 [31merror[39m: [31mInvalid credentials[39m
2026-09-03 10:38:19:3819 [31merror[39m: [31mjwt malformed[39m
2026-09-03 10:38:19:3819 [31merror[39m: [31mInvalid token[39m
2026-09-03 10:38:36:3836 [31merror[39m: [31mInvalid credentials[39m
2026-09-03 10:38:36:3836 [31merror[39m: [31mInvalid credentials[39m
2026-09-03 10:38:36:3836 [31merror[39m: [31mjwt malformed[39m
2026-09-03 10:38:36:3836 [31merror[39m: [31mInvalid token[39m
2026-09-03 10:40:19:4019 [31merror[39m: [31mInvalid credentials[39m
2026-09-03 10:40:19:4019 [31merror[39m: [31mInvalid credentials[39m
2026-09-03 10:40:19:4019 [31merror[39m: [31mjwt malformed[39m
2026-09-03 10:40:19:4019 [31merror[39m: [31mInvalid token[39m
2026-09-03 10:40:53:4053 [31merror[39m: [31mInvalid credentials[39m
2026-09-03 10:40:53:4053 [31merror[39m: [31mInvalid credentials[39m
2026-09-03 10:40:53:4053 [31merror[39m: [31mjwt malformed[39m
2026-09-03 10:40:53:4053 [31merror[39m: [31mInvalid token[39m
2026-09-03 10:41:09:419 [31merror[39m: [31mInvalid credentials[39m
2026-09-03 10:41:09:419 [31merror[39m: [31mInvalid credentials[39m
2026-09-03 10:41:09:419 [31merror[39m: [31mjwt malformed[39m
2026-09-03 10:41:09:419 [31merror[39m: [31mInvalid token[39m
2026-09-03 10:42:25:4225 [31merror[39m: [31mInvalid credentials[39m
2026-09-03 10:42:26:4226 [31merror[39m: [31mInvalid credentials[39m
2026-09-03 10:42:26:4226 [31merror[39m: [31mjwt malformed[39m
2026-09-03 10:42:26:4226 [31merror[39m: [31mInvalid token[39m
2026-09-03 10:42:44:4244 [31merror[39m: [31mInvalid credentials[39m
2026-09-03 10:42:44:4244 [31merror[39m: [31mInvalid credentials[39m
2026-09-03 10:42:44:4244 [31merror[39m: [31mjwt malformed[39m
2026-09-03 10:42:44:4244 [31merror[39m: [31mInvalid token[39m
2026-09-03 10:44:50:4450 [31merror[39m: [31mInvalid credentials[39m
2026-09-03 10:44:50:4450 [31merror[39m: [31mInvalid credentials[39m
2026-09-03 10:44:50:4450 [31merror[39m: [31mjwt malformed[39m
2026-09-03 10:44:50:4450 [31merror[39m: [31mInvalid token[39m
2026-09-03 10:44:57:4457 [31merror[39m: [31mInvalid credentials[39m
2026-09-03 10:44:57:4457 [31merror[39m: [31mInvalid credentials[39m
2026-09-03 10:44:57:4457 [31merror[39m: [31mjwt malformed[39m
2026-09-03 10:44:57:4457 [31merror[39m: [31mInvalid token[39m
2026-09-03 10:46:07:467 [31merror[39m: [31mInvalid credentials[39m
2026-09-03 10:46:07:467 [31merror[39m: [31mInvalid credentials[39m
2026-09-03 10:46:07:467 [31merror[39m: [31mjwt malformed[39m
2026-09-03 10:46:07:467 [31merror[39m: [31mInvalid token[39m
2026-09-03 10:47:17:4717 [31merror[39m: [31mInvalid credentials[39m
2026-09-03 10:47:17:4717 [31merror[39m: [31mInvalid credentials[39m
2026-09-03 10:47:17:4717 [31merror[39m: [31mjwt malformed[39m
2026-09-03 10:47:17:4717 [31merror[39m: [31mInvalid token[39m
2026-09-03 11:05:37:537 [31merror[39m: [31mInvalid credentials[39m
2026-09-03 11:05:37:537 [31merror[39m: [31mInvalid credentials[39m
2026-09-03 11:05:37:537 [31merror[39m: [31mjwt malformed[39m
2026-09-03 11:05:37:537 [31merror[39m: [31mInvalid token[39m
2026-09-03 11:06:02:62 [31merror[39m: [31mInvalid credentials[39m
2026-09-03 11:06:02:62 [31merror[39m: [31mInvalid credentials[39m
2026-09-03 11:06:02:62 [31merror[39m: [31mjwt malformed[39m
2026-09-03 11:06:02:62 [31merror[39m: [31mInvalid token[39m
2026-09-03 11:07:26:726 [31merror[39m: [31mInvalid credentials[39m
2026-09-03 11:07:26:726 [31merror[39m: [31mInvalid credentials[39m
2026-09-03 11:07:26:726 [31merror[39m: [31mjwt malformed[39m
2026-09-03 11:07:26:726 [31merror[39m: [31mInvalid token[39m
2026-09-03 11:09:01:91 [31merror[39m: [31mBook already existed[39m
2026-09-03 11:09:01:91 [31merror[39m: [31mBook does not exist[39m
2026-09-03 11:09:02:92 [31merror[39m: [31mBook does not exist[39m
2026-09-03 11:09:02:92 [31merror[39m: [31mBook does not exist[39m
2026-09-03 11:23:36:2336 [31merror[39m: [31mInvalid credentials[39m
2026-09-03 11:23:36:2336 [31merror[39m: [31mInvalid credentials[39m
2026-09-03 11:23:36:2336 [31merror[39m: [31mjwt malformed[39m
2026-09-03 11:23:36:2336 [31merror[39m: [31mInvalid token[39m
2026-09-03 11:23:36:2336 [31merror[39m: [31mBook already existed[39m
2026-09-03 11:23:37:2337 [31merror[39m: [31mBook does not exist[39m
2026-09-03 11:23:37:2337 [31merror[39m: [31mBook does not exist[39m
2026-09-03 11:23:37:2337 [31merror[39m: [31mBook does not exist[39m
2026-09-03 11:25:05:255 [31merror[39m: [31mInvalid credentials[39m
2026-09-03 11:25:05:255 [31merror[39m: [31mInvalid credentials[39m
2026-09-03 11:25:05:255 [31merror[39m: [31mjwt malformed[39m
2026-09-03 11:25:05:255 [31merror[39m: [31mInvalid token[39m
2026-09-03 11:25:05:255 [31merror[39m: [31mBook already existed[39m
2026-09-03 11:25:06:256 [31merror[39m: [31mBook does not exist[39m
2026-09-03 11:25:06:256 [31merror[39m: [31mBook does not exist[39m
2026-09-03 11:25:07:257 [31merror[39m: [31mBook does not exist[39m
2026-09-03 14:25:46:2546 [31merror[39m: [31mInvalid credentials[39m
2026-09-03 14:25:46:2546 [31merror[39m: [31mInvalid credentials[39m
2026-09-03 14:25:46:2546 [31merror[39m: [31mjwt malformed[39m
2026-09-03 14:25:46:2546 [31merror[39m: [31mInvalid token[39m
2026-09-03 14:25:46:2546 [31merror[39m: [31mBook already existed[39m
2026-09-03 14:25:47:2547 [31merror[39m: [31mBook does not exist[39m
2026-09-03 14:25:47:2547 [31merror[39m: [31mBook does not exist[39m
2026-09-03 14:25:47:2547 [31merror[39m: [31mBook does not exist[39m
2026-09-03 14:56:09:569 [31merror[39m: [31mInvalid credentials[39m
2026-09-03 14:56:09:569 [31merror[39m: [31mInvalid credentials[39m
2026-09-03 14:56:09:569 [31merror[39m: [31mjwt malformed[39m
2026-09-03 14:56:09:569 [31merror[39m: [31mInvalid token[39m
2026-09-03 14:56:09:569 [31merror[39m: [31mBook already existed[39m
2026-09-03 14:56:10:5610 [31merror[39m: [31mBook does not exist[39m
2026-09-03 14:56:10:5610 [31merror[39m: [31mBook does not exist[39m
2026-09-03 14:56:10:5610 [31merror[39m: [31mBook does not exist[39m
